id=0: AAA.
id=0: CCC.
auxfunc
id=1: AAA.
id=1: CCC.
auxfunc
id=0: EEE.
id=1: EEE.
